229 INFO: PyInstaller: 6.21.0, contrib hooks: 2026.6
229 INFO: Python: 3.14.6
254 INFO: Platform: Windows-2025Server-10.0.26100-SP0
254 INFO: Python environment: C:\hostedtoolcache\windows\Python\3.14.6\x64
266 INFO: Removing temporary files and cleaning cache in C:\Users\runneradmin\AppData\Local\pyinstaller
Traceback (most recent call last):
  File "<frozen runpy>", line 203, in _run_module_as_main
  File "<frozen runpy>", line 88, in _run_code
  File "C:\hostedtoolcache\windows\Python\3.14.6\x64\Scripts\pyinstaller.exe\__main__.py", line 5, in <module>
    sys.exit(_console_script_run())
             ~~~~~~~~~~~~~~~~~~~^^
  File "C:\hostedtoolcache\windows\Python\3.14.6\x64\Lib\site-packages\PyInstaller\__main__.py", line 231, in _console_script_run
    run()
    ~~~^^
  File "C:\hostedtoolcache\windows\Python\3.14.6\x64\Lib\site-packages\PyInstaller\__main__.py", line 215, in run
    run_build(pyi_config, spec_file, **vars(args))
    ~~~~~~~~~^^^^^^^^^^^^^^^^^^^^^^^^^^^^^^^^^^^^^
  File "C:\hostedtoolcache\windows\Python\3.14.6\x64\Lib\site-packages\PyInstaller\__main__.py", line 70, in run_build
    PyInstaller.building.build_main.main(pyi_config, spec_file, **kwargs)
    ~~~~~~~~~~~~~~~~~~~~~~~~~~~~~~~~~~~~^^^^^^^^^^^^^^^^^^^^^^^^^^^^^^^^^
  File "C:\hostedtoolcache\windows\Python\3.14.6\x64\Lib\site-packages\PyInstaller\building\build_main.py", line 1275, in main
    build(specfile, distpath, workpath, clean_build)
    ~~~~~^^^^^^^^^^^^^^^^^^^^^^^^^^^^^^^^^^^^^^^^^^^
  File "C:\hostedtoolcache\windows\Python\3.14.6\x64\Lib\site-packages\PyInstaller\building\build_main.py", line 1213, in build
    exec(code, spec_namespace)
    ~~~~^^^^^^^^^^^^^^^^^^^^^^
  File "log-cleaner.spec", line 5, in <module>
    from log_cleaner.version import __version__
ModuleNotFoundError: No module named 'log_cleaner'
